// Jest Snapshot v1, https://goo.gl/fbAQLP

exports[`Page: Client Error renders correctly 1`] = `
<div>
  <div
    class="layout"
  >
    <header
      class="header"
    >
      <div
        class="headerTop"
      >
        <div
          class="headerTopContainer"
        >
          <div
            class="logo"
          >
            <div
              class="logoContainer"
            >
              <span
                style="box-sizing: border-box; display: block; overflow: hidden; background: none; opacity: 1; border: 0px; margin: 0px; padding: 0px; position: absolute; top: 0px; left: 0px; bottom: 0px; right: 0px;"
              >
                <img
                  data-nimg="fill"
                  decoding="async"
                  sizes="100vw"
                  src="/assets/svg/web-development.svg"
                  srcset="/assets/svg/web-development.svg 640w, /assets/svg/web-development.svg 750w, /assets/svg/web-development.svg 828w, /assets/svg/web-development.svg 1080w, /assets/svg/web-development.svg 1200w, /assets/svg/web-development.svg 1920w, /assets/svg/web-development.svg 2048w, /assets/svg/web-development.svg 3840w"
                  style="position: absolute; top: 0px; left: 0px; bottom: 0px; right: 0px; box-sizing: border-box; padding: 0px; margin: auto; display: block; width: 0px; height: 0px; min-width: 100%; max-width: 100%; min-height: 100%; max-height: 100%;"
                />
                <noscript />
              </span>
            </div>
            <span
              class="name"
            >
              Siman Tov Jamberu
            </span>
          </div>
        </div>
      </div>
    </header>
    <main>
      <div
        class="page"
      >
        <div
          class="pageContainer"
        >
          <div
            class="navSection"
          >
            <div
              class="navSectionContainer"
            >
              <div
                class="nav"
              >
                <div
                  class="breadcrumbs"
                >
                  <a
                    class="white"
                    href="/"
                    title="Homepage"
                  >
                    דף הבית
                  </a>
                  <span
                    class="decoration"
                  >
                    &gt;
                  </span>
                  <a
                    class="disabled"
                    href="/pageNotFound"
                  >
                    דף לא נמצא
                  </a>
                </div>
              </div>
            </div>
          </div>
          <div
            class="imageSection error"
          />
          <div
            class="errorContainer"
          >
            <h1>
              <span>
                Oops
              </span>
              ...
              דף לא נמצא
            </h1>
            <p>
              https://portfoio-simantov.herokuapp.com
            </p>
            <div
              class="links"
            >
              <a
                class="link"
                href="/"
                title="Homepage"
              >
                <div
                  class="link"
                >
                  Homepage
                </div>
              </a>
            </div>
          </div>
        </div>
      </div>
    </main>
    <footer
      class="footer"
    >
      <div
        class="footerTop"
      >
        <div
          class="footerTopContainer"
        >
          <div
            class="footerLinks"
          >
            <div
              class="serviceLinks"
            >
              <h3>
                שירותים
              </h3>
              <ul>
                <li>
                  <span
                    class="decoration"
                  >
                    &gt;
                  </span>
                  <a
                    class="white"
                    href="/contact"
                    title="Contact"
                  >
                    צור קשר
                  </a>
                </li>
                <li>
                  <span
                    class="decoration"
                  >
                    &gt;
                  </span>
                  <a
                    class="white"
                    href="/help"
                    title="Help"
                  >
                    עזרה
                  </a>
                </li>
                <li>
                  <span
                    class="decoration"
                  >
                    &gt;
                  </span>
                  <a
                    class="white"
                    href="/archive"
                    title="Archive"
                  >
                    ארכיון
                  </a>
                </li>
              </ul>
            </div>
          </div>
        </div>
      </div>
      <div
        class="footerBottom"
      >
        <div
          class="footerBottomContainer"
        >
          <div
            class="footerLang"
          >
            <div
              class="lang"
            >
              <button
                class=" button"
                type="button"
              >
                <p>
                  English
                </p>
              </button>
            </div>
            <div
              class="lang"
            >
              <button
                class="currentLang button"
                type="button"
              >
                <p>
                  עברית
                </p>
              </button>
            </div>
          </div>
        </div>
      </div>
    </footer>
  </div>
</div>
`;
