// Jest Snapshot v1, https://goo.gl/fbAQLP

exports[`CustomBtn renders correctly 1`] = `
<button
  className=" button"
  type="button"
>
  <p>
    JAVA
  </p>
  <div
    className="response submit"
  />
</button>
`;
