// Jest Snapshot v1, https://goo.gl/fbAQLP

exports[`CustomInput renders correctly 1`] = `
<div
  className="input"
>
  <label
    htmlFor="Language"
  >
    Language
  </label>
  <input
    name="Language"
    title="Language"
    type="text"
  />
</div>
`;
