// Jest Snapshot v1, https://goo.gl/fbAQLP

exports[`Page: Projects renders correctly 1`] = `
<div>
  <div
    class="layout"
  >
    <header
      class="header"
    >
      <div
        class="headerTop"
      >
        <div
          class="headerTopContainer"
        >
          <div
            class="logo"
          >
            <div
              class="logoContainer"
            >
              <span
                style="box-sizing: border-box; display: block; overflow: hidden; background: none; opacity: 1; border: 0px; margin: 0px; padding: 0px; position: absolute; top: 0px; left: 0px; bottom: 0px; right: 0px;"
              >
                <img
                  data-nimg="fill"
                  decoding="async"
                  src="data:image/gif;base64,R0lGODlhAQABAIAAAAAAAP///yH5BAEAAAAALAAAAAABAAEAAAIBRAA7"
                  style="position: absolute; top: 0px; left: 0px; bottom: 0px; right: 0px; box-sizing: border-box; padding: 0px; margin: auto; display: block; width: 0px; height: 0px; min-width: 100%; max-width: 100%; min-height: 100%; max-height: 100%;"
                />
                <noscript />
              </span>
            </div>
            <span
              class="name"
            >
              Siman Tov Jamberu
            </span>
          </div>
        </div>
      </div>
    </header>
    <main>
      <div
        class="page"
      >
        <div
          class="pageContainer"
        >
          <div
            class="navSection"
          >
            <div
              class="navSectionContainer"
            >
              <div
                class="nav"
              >
                <div
                  class="breadcrumbs"
                >
                  <a
                    class="white"
                    href="/"
                    title="Homepage"
                  >
                    דף הבית
                  </a>
                  <span
                    class="decoration"
                  >
                    &gt;
                  </span>
                  <a
                    class="disabled"
                    href="/projects"
                  >
                    עבודות
                  </a>
                </div>
              </div>
            </div>
          </div>
          <div
            class="imageSection bgImage"
          />
          <div
            class="container"
          >
            <div
              class="projects"
            >
              <div
                class="grid"
              >
                <div
                  class="Brick"
                >
                  <div
                    class="BrickContainer"
                  >
                    <a
                      class="link"
                      href="https://memo-simantov.herokuapp.com/"
                      title="Next-Memo"
                    >
                      <div
                        class="BrickImage"
                      >
                        <span
                          style="box-sizing: border-box; display: block; overflow: hidden; background: none; opacity: 1; border: 0px; margin: 0px; padding: 0px; position: relative;"
                        >
                          <span
                            style="box-sizing: border-box; display: block; background: none; opacity: 1; border: 0px; margin: 0px; padding: 66.57608695652173% 0px 0px 0px;"
                          />
                          <img
                            data-nimg="responsive"
                            decoding="async"
                            src="data:image/gif;base64,R0lGODlhAQABAIAAAAAAAP///yH5BAEAAAAALAAAAAABAAEAAAIBRAA7"
                            style="position: absolute; top: 0px; left: 0px; bottom: 0px; right: 0px; box-sizing: border-box; padding: 0px; margin: auto; display: block; width: 0px; height: 0px; min-width: 100%; max-width: 100%; min-height: 100%; max-height: 100%;"
                          />
                          <noscript />
                        </span>
                      </div>
                      <div
                        class="BrickText"
                      >
                        <p>
                          Next-Memo
                        </p>
                      </div>
                    </a>
                  </div>
                </div>
                <div
                  class="Brick"
                >
                  <div
                    class="BrickContainer"
                  >
                    <a
                      class="link"
                      href="https://weather-simantov.herokuapp.com/"
                      title="Next-Weather"
                    >
                      <div
                        class="BrickImage"
                      >
                        <span
                          style="box-sizing: border-box; display: block; overflow: hidden; background: none; opacity: 1; border: 0px; margin: 0px; padding: 0px; position: relative;"
                        >
                          <span
                            style="box-sizing: border-box; display: block; background: none; opacity: 1; border: 0px; margin: 0px; padding: 66.57608695652173% 0px 0px 0px;"
                          />
                          <img
                            data-nimg="responsive"
                            decoding="async"
                            src="data:image/gif;base64,R0lGODlhAQABAIAAAAAAAP///yH5BAEAAAAALAAAAAABAAEAAAIBRAA7"
                            style="position: absolute; top: 0px; left: 0px; bottom: 0px; right: 0px; box-sizing: border-box; padding: 0px; margin: auto; display: block; width: 0px; height: 0px; min-width: 100%; max-width: 100%; min-height: 100%; max-height: 100%;"
                          />
                          <noscript />
                        </span>
                      </div>
                      <div
                        class="BrickText"
                      >
                        <p>
                          Next-Weather
                        </p>
                      </div>
                    </a>
                  </div>
                </div>
                <div
                  class="Brick"
                >
                  <div
                    class="BrickContainer"
                  >
                    <a
                      class="link"
                      href="https://jamberusimantov.github.io/snake/"
                      title="Snake"
                    >
                      <div
                        class="BrickImage"
                      >
                        <span
                          style="box-sizing: border-box; display: block; overflow: hidden; background: none; opacity: 1; border: 0px; margin: 0px; padding: 0px; position: relative;"
                        >
                          <span
                            style="box-sizing: border-box; display: block; background: none; opacity: 1; border: 0px; margin: 0px; padding: 66.57608695652173% 0px 0px 0px;"
                          />
                          <img
                            data-nimg="responsive"
                            decoding="async"
                            src="data:image/gif;base64,R0lGODlhAQABAIAAAAAAAP///yH5BAEAAAAALAAAAAABAAEAAAIBRAA7"
                            style="position: absolute; top: 0px; left: 0px; bottom: 0px; right: 0px; box-sizing: border-box; padding: 0px; margin: auto; display: block; width: 0px; height: 0px; min-width: 100%; max-width: 100%; min-height: 100%; max-height: 100%;"
                          />
                          <noscript />
                        </span>
                      </div>
                      <div
                        class="BrickText"
                      >
                        <p>
                          Snake
                        </p>
                      </div>
                    </a>
                  </div>
                </div>
                <div
                  class="Brick"
                >
                  <div
                    class="BrickContainer"
                  >
                    <a
                      class="link"
                      href="/"
                      title="Tech-Career"
                    >
                      <div
                        class="BrickImage"
                      >
                        <span
                          style="box-sizing: border-box; display: block; overflow: hidden; background: none; opacity: 1; border: 0px; margin: 0px; padding: 0px; position: relative;"
                        >
                          <span
                            style="box-sizing: border-box; display: block; background: none; opacity: 1; border: 0px; margin: 0px; padding: 66.57608695652173% 0px 0px 0px;"
                          />
                          <img
                            data-nimg="responsive"
                            decoding="async"
                            src="data:image/gif;base64,R0lGODlhAQABAIAAAAAAAP///yH5BAEAAAAALAAAAAABAAEAAAIBRAA7"
                            style="position: absolute; top: 0px; left: 0px; bottom: 0px; right: 0px; box-sizing: border-box; padding: 0px; margin: auto; display: block; width: 0px; height: 0px; min-width: 100%; max-width: 100%; min-height: 100%; max-height: 100%;"
                          />
                          <noscript />
                        </span>
                      </div>
                      <div
                        class="BrickText"
                      >
                        <p>
                          Tech-Career
                        </p>
                      </div>
                    </a>
                  </div>
                </div>
              </div>
            </div>
          </div>
        </div>
      </div>
    </main>
    <footer
      class="footer"
    >
      <div
        class="footerTop"
      >
        <div
          class="footerTopContainer"
        >
          <div
            class="footerLinks"
          >
            <div
              class="serviceLinks"
            >
              <h3>
                שירותים
              </h3>
              <ul>
                <li>
                  <span
                    class="decoration"
                  >
                    &gt;
                  </span>
                  <a
                    class="white"
                    href="/contact"
                    title="Contact"
                  >
                    צור קשר
                  </a>
                </li>
                <li>
                  <span
                    class="decoration"
                  >
                    &gt;
                  </span>
                  <a
                    class="white"
                    href="/help"
                    title="Help"
                  >
                    עזרה
                  </a>
                </li>
                <li>
                  <span
                    class="decoration"
                  >
                    &gt;
                  </span>
                  <a
                    class="white"
                    href="/archive"
                    title="Archive"
                  >
                    ארכיון
                  </a>
                </li>
              </ul>
            </div>
          </div>
        </div>
      </div>
      <div
        class="footerBottom"
      >
        <div
          class="footerBottomContainer"
        >
          <div
            class="footerLang"
          >
            <div
              class="lang"
            >
              <button
                class=" button"
                type="button"
              >
                <p>
                  English
                </p>
              </button>
            </div>
            <div
              class="lang"
            >
              <button
                class="currentLang button"
                type="button"
              >
                <p>
                  עברית
                </p>
              </button>
            </div>
          </div>
        </div>
      </div>
    </footer>
  </div>
</div>
`;
